// Jest Snapshot v1, https://goo.gl/fbAQLP

exports[`Error404 component renders correctly 1`] = `
<div
  class="error404"
  role="error404"
>
  <svg
    height="500px"
    version="1.1"
    viewBox="0 0 837 1045"
    width="380px"
    xmlns="http://www.w3.org/2000/svg"
  >
    <g
      fill="none"
      fill-rule="evenodd"
      id="Page-1"
      stroke="none"
      stroke-width="1"
    >
      <path
        class="polygon1"
        d="M353,9 L626.664028,170 L626.664028,487 L353,642 L79.3359724,487 L79.3359724,170 L353,9 Z"
        id="Polygon-1"
        stroke="#b982ff"
        stroke-width="6"
      />
      <path
        d="M78.5,529 L147,569.186414 L147,648.311216 L78.5,687 L10,648.311216 L10,569.186414 L78.5,529 Z"
        id="Polygon-2"
        stroke="#b982ff"
        stroke-width="6"
      />
      <path
        d="M773,186 L827,217.538705 L827,279.636651 L773,310 L719,279.636651 L719,217.538705 L773,186 Z"
        id="Polygon-3"
        stroke="#b982ff"
        stroke-width="6"
      />
      <path
        d="M639,529 L773,607.846761 L773,763.091627 L639,839 L505,763.091627 L505,607.846761 L639,529 Z"
        id="Polygon-4"
        stroke="#b982ff"
        stroke-width="6"
      />
      <path
        d="M281,801 L383,861.025276 L383,979.21169 L281,1037 L179,979.21169 L179,861.025276 L281,801 Z"
        id="Polygon-5"
        stroke="#b982ff"
        stroke-width="6"
      />
    </g>
  </svg>
  <div
    class="message__box"
  >
    <h1>
      404
    </h1>
    <p>
      Page not found
    </p>
    <button
      class="message__button"
      role="button"
    >
      Go to the main page
    </button>
  </div>
</div>
`;
